Traceback (most recent call last):
  File "/Library/Frameworks/Python.framework/Versions/3.12/lib/python3.12/site-packages/jupyter_cache/executors/utils.py", line 58, in single_nb_execution
    executenb(
  File "/Library/Frameworks/Python.framework/Versions/3.12/lib/python3.12/site-packages/nbclient/client.py", line 1314, in execute
    return NotebookClient(nb=nb, resources=resources, km=km, **kwargs).execute()
           ^^^^^^^^^^^^^^^^^^^^^^^^^^^^^^^^^^^^^^^^^^^^^^^^^^^^^^^^^^^^^^^^^^^^^
  File "/Library/Frameworks/Python.framework/Versions/3.12/lib/python3.12/site-packages/jupyter_core/utils/__init__.py", line 165, in wrapped
    return loop.run_until_complete(inner)
           ^^^^^^^^^^^^^^^^^^^^^^^^^^^^^^
  File "/Library/Frameworks/Python.framework/Versions/3.12/lib/python3.12/asyncio/base_events.py", line 685, in run_until_complete
    return future.result()
           ^^^^^^^^^^^^^^^
  File "/Library/Frameworks/Python.framework/Versions/3.12/lib/python3.12/site-packages/nbclient/client.py", line 709, in async_execute
    await self.async_execute_cell(
  File "/Library/Frameworks/Python.framework/Versions/3.12/lib/python3.12/site-packages/nbclient/client.py", line 1062, in async_execute_cell
    await self._check_raise_for_error(cell, cell_index, exec_reply)
  File "/Library/Frameworks/Python.framework/Versions/3.12/lib/python3.12/site-packages/nbclient/client.py", line 918, in _check_raise_for_error
    raise CellExecutionError.from_cell_and_msg(cell, exec_reply_content)
nbclient.exceptions.CellExecutionError: An error occurred while executing the following cell:
------------------
u,v = fes.TnT()
a = BilinearForm(grad(u)*grad(v)*dx).Assemble()
f = LinearForm(1*v*dx).Assemble()
gfu.vec.data = a.mat.Inverse(fes.FreeDofs())*f.vec
Draw (gfu);
------------------

----- stderr -----
used dof inconsistency
(silence this warning by setting BilinearForm(...check_unused=False) )
------------------

[0;31m---------------------------------------------------------------------------[0m
[0;31mNgException[0m                               Traceback (most recent call last)
Cell [0;32mIn[5], line 4[0m
[1;32m      2[0m a [38;5;241m=[39m BilinearForm(grad(u)[38;5;241m*[39mgrad(v)[38;5;241m*[39mdx)[38;5;241m.[39mAssemble()
[1;32m      3[0m f [38;5;241m=[39m LinearForm([38;5;241m1[39m[38;5;241m*[39mv[38;5;241m*[39mdx)[38;5;241m.[39mAssemble()
[0;32m----> 4[0m gfu[38;5;241m.[39mvec[38;5;241m.[39mdata [38;5;241m=[39m [43ma[49m[38;5;241;43m.[39;49m[43mmat[49m[38;5;241;43m.[39;49m[43mInverse[49m[43m([49m[43mfes[49m[38;5;241;43m.[39;49m[43mFreeDofs[49m[43m([49m[43m)[49m[43m)[49m[38;5;241m*[39mf[38;5;241m.[39mvec
[1;32m      5[0m Draw (gfu);

[0;31mNgException[0m: UmfpackInverse: Numeric factorization failed.

